2025-10-25 17:49:22,036 - vessel_data_pipeline - INFO - VesselDataFetcher initialized. Pipeline enabled: True
2025-10-25 17:49:22,036 - vessel_data_pipeline - INFO - Starting vessel data fetch operation
2025-10-25 17:49:22,036 - vessel_data_pipeline - INFO - Discovering XML files from Hong Kong Marine Department portal
2025-10-25 17:49:23,247 - vessel_data_pipeline - INFO - Verified access to Arrived_in_last_36_hours.xml
2025-10-25 17:49:23,515 - vessel_data_pipeline - INFO - Verified access to Departed_in_last_36_hours.xml
2025-10-25 17:49:24,043 - vessel_data_pipeline - INFO - Verified access to Expected_arrivals.xml
2025-10-25 17:49:24,315 - vessel_data_pipeline - INFO - Verified access to Expected_departures.xml
2025-10-25 17:49:24,316 - vessel_data_pipeline - INFO - Discovered 4 XML files for download
2025-10-25 17:49:24,316 - vessel_data_pipeline - INFO - Downloading Arrived_in_last_36_hours.xml (attempt 1/3)
2025-10-25 17:49:24,832 - vessel_data_pipeline - INFO - File temp_Arrived_in_last_36_hours.xml passed validation checks
2025-10-25 17:49:24,834 - vessel_data_pipeline - INFO - Created backup: Arrived_in_last_36_hours_20251025_174924.xml
2025-10-25 17:49:24,835 - vessel_data_pipeline - INFO - Updated metadata for Arrived_in_last_36_hours.xml
2025-10-25 17:49:24,835 - vessel_data_pipeline - INFO - Successfully downloaded and validated Arrived_in_last_36_hours.xml
2025-10-25 17:49:26,840 - vessel_data_pipeline - INFO - Downloading Departed_in_last_36_hours.xml (attempt 1/3)
2025-10-25 17:49:28,233 - vessel_data_pipeline - INFO - File temp_Departed_in_last_36_hours.xml passed validation checks
2025-10-25 17:49:28,234 - vessel_data_pipeline - INFO - Created backup: Departed_in_last_36_hours_20251025_174928.xml
2025-10-25 17:49:28,234 - vessel_data_pipeline - INFO - Updated metadata for Departed_in_last_36_hours.xml
2025-10-25 17:49:28,234 - vessel_data_pipeline - INFO - Successfully downloaded and validated Departed_in_last_36_hours.xml
2025-10-25 17:49:30,235 - vessel_data_pipeline - INFO - Downloading Expected_arrivals.xml (attempt 1/3)
2025-10-25 17:49:30,707 - vessel_data_pipeline - INFO - File temp_Expected_arrivals.xml passed validation checks
2025-10-25 17:49:30,708 - vessel_data_pipeline - INFO - Created backup: Expected_arrivals_20251025_174930.xml
2025-10-25 17:49:30,708 - vessel_data_pipeline - INFO - Updated metadata for Expected_arrivals.xml
2025-10-25 17:49:30,708 - vessel_data_pipeline - INFO - Successfully downloaded and validated Expected_arrivals.xml
2025-10-25 17:49:32,462 - vessel_data_pipeline - INFO - VesselDataFetcher initialized. Pipeline enabled: True
2025-10-25 17:49:32,463 - vessel_data_pipeline - INFO - Starting vessel data fetch operation
2025-10-25 17:49:32,463 - vessel_data_pipeline - INFO - Discovering XML files from Hong Kong Marine Department portal
2025-10-25 17:49:32,713 - vessel_data_pipeline - INFO - Downloading Expected_departures.xml (attempt 1/3)
2025-10-25 17:49:33,137 - vessel_data_pipeline - INFO - File temp_Expected_departures.xml passed validation checks
2025-10-25 17:49:33,137 - vessel_data_pipeline - INFO - Created backup: Expected_departures_20251025_174933.xml
2025-10-25 17:49:33,138 - vessel_data_pipeline - INFO - Updated metadata for Expected_departures.xml
2025-10-25 17:49:33,138 - vessel_data_pipeline - INFO - Successfully downloaded and validated Expected_departures.xml
2025-10-25 17:49:33,284 - vessel_data_pipeline - INFO - Verified access to Arrived_in_last_36_hours.xml
2025-10-25 17:49:33,969 - vessel_data_pipeline - INFO - Verified access to Departed_in_last_36_hours.xml
2025-10-25 17:49:34,429 - vessel_data_pipeline - INFO - Verified access to Expected_arrivals.xml
2025-10-25 17:49:34,912 - vessel_data_pipeline - INFO - Verified access to Expected_departures.xml
2025-10-25 17:49:34,912 - vessel_data_pipeline - INFO - Discovered 4 XML files for download
2025-10-25 17:49:34,912 - vessel_data_pipeline - INFO - Downloading Arrived_in_last_36_hours.xml (attempt 1/3)
2025-10-25 17:49:35,141 - vessel_data_pipeline - INFO - Fetch operation completed. Results: {'Arrived_in_last_36_hours.xml': True, 'Departed_in_last_36_hours.xml': True, 'Expected_arrivals.xml': True, 'Expected_departures.xml': True}
2025-10-25 17:49:35,161 - vessel_data_pipeline - INFO - VesselDataFetcher initialized. Pipeline enabled: True
2025-10-25 17:49:35,167 - vessel_data_pipeline - INFO - Starting vessel data fetch operation
2025-10-25 17:49:35,167 - vessel_data_pipeline - INFO - Discovering XML files from Hong Kong Marine Department portal
2025-10-25 17:49:35,190 - vessel_data_pipeline - INFO - File temp_Arrived_in_last_36_hours.xml passed validation checks
2025-10-25 17:49:35,192 - vessel_data_pipeline - INFO - Created backup: Arrived_in_last_36_hours_20251025_174935.xml
2025-10-25 17:49:35,193 - vessel_data_pipeline - INFO - Updated metadata for Arrived_in_last_36_hours.xml
2025-10-25 17:49:35,193 - vessel_data_pipeline - INFO - Successfully downloaded and validated Arrived_in_last_36_hours.xml
2025-10-25 17:49:35,701 - vessel_data_pipeline - INFO - Verified access to Arrived_in_last_36_hours.xml
2025-10-25 17:49:36,818 - vessel_data_pipeline - INFO - Verified access to Departed_in_last_36_hours.xml
2025-10-25 17:49:37,193 - vessel_data_pipeline - INFO - Downloading Departed_in_last_36_hours.xml (attempt 1/3)
2025-10-25 17:49:37,701 - vessel_data_pipeline - INFO - Verified access to Expected_arrivals.xml
2025-10-25 17:49:37,892 - vessel_data_pipeline - INFO - File temp_Departed_in_last_36_hours.xml passed validation checks
2025-10-25 17:49:37,892 - vessel_data_pipeline - INFO - Created backup: Departed_in_last_36_hours_20251025_174937.xml
2025-10-25 17:49:37,892 - vessel_data_pipeline - INFO - Updated metadata for Departed_in_last_36_hours.xml
2025-10-25 17:49:37,892 - vessel_data_pipeline - INFO - Successfully downloaded and validated Departed_in_last_36_hours.xml
2025-10-25 17:49:37,983 - vessel_data_pipeline - INFO - Verified access to Expected_departures.xml
2025-10-25 17:49:37,983 - vessel_data_pipeline - INFO - Discovered 4 XML files for download
2025-10-25 17:49:37,983 - vessel_data_pipeline - INFO - Downloading Arrived_in_last_36_hours.xml (attempt 1/3)
2025-10-25 17:49:38,462 - vessel_data_pipeline - INFO - File temp_Arrived_in_last_36_hours.xml passed validation checks
2025-10-25 17:49:38,462 - vessel_data_pipeline - INFO - Created backup: Arrived_in_last_36_hours_20251025_174938.xml
2025-10-25 17:49:38,462 - vessel_data_pipeline - INFO - Updated metadata for Arrived_in_last_36_hours.xml
2025-10-25 17:49:38,462 - vessel_data_pipeline - INFO - Successfully downloaded and validated Arrived_in_last_36_hours.xml
2025-10-25 17:49:39,894 - vessel_data_pipeline - INFO - Downloading Expected_arrivals.xml (attempt 1/3)
2025-10-25 17:49:40,378 - vessel_data_pipeline - INFO - File temp_Expected_arrivals.xml passed validation checks
2025-10-25 17:49:40,379 - vessel_data_pipeline - INFO - Created backup: Expected_arrivals_20251025_174940.xml
2025-10-25 17:49:40,379 - vessel_data_pipeline - INFO - Updated metadata for Expected_arrivals.xml
2025-10-25 17:49:40,379 - vessel_data_pipeline - INFO - Successfully downloaded and validated Expected_arrivals.xml
2025-10-25 17:49:40,468 - vessel_data_pipeline - INFO - Downloading Departed_in_last_36_hours.xml (attempt 1/3)
2025-10-25 17:49:41,205 - vessel_data_pipeline - INFO - File temp_Departed_in_last_36_hours.xml passed validation checks
2025-10-25 17:49:41,205 - vessel_data_pipeline - INFO - Created backup: Departed_in_last_36_hours_20251025_174941.xml
2025-10-25 17:49:41,205 - vessel_data_pipeline - INFO - Updated metadata for Departed_in_last_36_hours.xml
2025-10-25 17:49:41,205 - vessel_data_pipeline - INFO - Successfully downloaded and validated Departed_in_last_36_hours.xml
2025-10-25 17:49:42,384 - vessel_data_pipeline - INFO - Downloading Expected_departures.xml (attempt 1/3)
2025-10-25 17:49:43,068 - vessel_data_pipeline - INFO - File temp_Expected_departures.xml passed validation checks
2025-10-25 17:49:43,068 - vessel_data_pipeline - INFO - Created backup: Expected_departures_20251025_174943.xml
2025-10-25 17:49:43,068 - vessel_data_pipeline - INFO - Updated metadata for Expected_departures.xml
2025-10-25 17:49:43,068 - vessel_data_pipeline - INFO - Successfully downloaded and validated Expected_departures.xml
2025-10-25 17:49:43,210 - vessel_data_pipeline - INFO - Downloading Expected_arrivals.xml (attempt 1/3)
2025-10-25 17:49:43,783 - vessel_data_pipeline - INFO - File temp_Expected_arrivals.xml passed validation checks
2025-10-25 17:49:43,783 - vessel_data_pipeline - INFO - Created backup: Expected_arrivals_20251025_174943.xml
2025-10-25 17:49:43,783 - vessel_data_pipeline - INFO - Updated metadata for Expected_arrivals.xml
2025-10-25 17:49:43,784 - vessel_data_pipeline - INFO - Successfully downloaded and validated Expected_arrivals.xml
2025-10-25 17:49:45,074 - vessel_data_pipeline - INFO - Fetch operation completed. Results: {'Arrived_in_last_36_hours.xml': True, 'Departed_in_last_36_hours.xml': True, 'Expected_arrivals.xml': True, 'Expected_departures.xml': True}
2025-10-25 17:49:45,082 - vessel_data_pipeline - INFO - VesselDataFetcher initialized. Pipeline enabled: True
2025-10-25 17:49:45,086 - vessel_data_pipeline - INFO - Starting vessel data fetch operation
2025-10-25 17:49:45,086 - vessel_data_pipeline - INFO - Discovering XML files from Hong Kong Marine Department portal
2025-10-25 17:49:45,784 - vessel_data_pipeline - INFO - Downloading Expected_departures.xml (attempt 1/3)
2025-10-25 17:49:46,133 - vessel_data_pipeline - INFO - File temp_Expected_departures.xml passed validation checks
2025-10-25 17:49:46,133 - vessel_data_pipeline - INFO - Created backup: Expected_departures_20251025_174946.xml
2025-10-25 17:49:46,133 - vessel_data_pipeline - INFO - Updated metadata for Expected_departures.xml
2025-10-25 17:49:46,133 - vessel_data_pipeline - INFO - Successfully downloaded and validated Expected_departures.xml
2025-10-25 17:49:46,172 - vessel_data_pipeline - INFO - Verified access to Arrived_in_last_36_hours.xml
2025-10-25 17:49:47,086 - vessel_data_pipeline - INFO - Verified access to Departed_in_last_36_hours.xml
2025-10-25 17:49:47,338 - vessel_data_pipeline - INFO - Verified access to Expected_arrivals.xml
2025-10-25 17:49:47,767 - vessel_data_pipeline - INFO - Verified access to Expected_departures.xml
2025-10-25 17:49:47,767 - vessel_data_pipeline - INFO - Discovered 4 XML files for download
2025-10-25 17:49:47,767 - vessel_data_pipeline - INFO - Downloading Arrived_in_last_36_hours.xml (attempt 1/3)
2025-10-25 17:49:48,138 - vessel_data_pipeline - INFO - Fetch operation completed. Results: {'Arrived_in_last_36_hours.xml': True, 'Departed_in_last_36_hours.xml': True, 'Expected_arrivals.xml': True, 'Expected_departures.xml': True}
2025-10-25 17:49:48,239 - vessel_data_pipeline - INFO - File temp_Arrived_in_last_36_hours.xml passed validation checks
2025-10-25 17:49:48,254 - vessel_data_pipeline - INFO - Created backup: Arrived_in_last_36_hours_20251025_174948.xml
2025-10-25 17:49:48,256 - vessel_data_pipeline - INFO - Updated metadata for Arrived_in_last_36_hours.xml
2025-10-25 17:49:48,256 - vessel_data_pipeline - INFO - Successfully downloaded and validated Arrived_in_last_36_hours.xml
2025-10-25 17:49:50,261 - vessel_data_pipeline - INFO - Downloading Departed_in_last_36_hours.xml (attempt 1/3)
2025-10-25 17:49:51,178 - vessel_data_pipeline - INFO - File temp_Departed_in_last_36_hours.xml passed validation checks
2025-10-25 17:49:51,197 - vessel_data_pipeline - INFO - Created backup: Departed_in_last_36_hours_20251025_174951.xml
2025-10-25 17:49:51,203 - vessel_data_pipeline - INFO - Updated metadata for Departed_in_last_36_hours.xml
2025-10-25 17:49:51,207 - vessel_data_pipeline - INFO - Successfully downloaded and validated Departed_in_last_36_hours.xml
2025-10-25 17:49:53,217 - vessel_data_pipeline - INFO - Downloading Expected_arrivals.xml (attempt 1/3)
2025-10-25 17:49:53,733 - vessel_data_pipeline - INFO - File temp_Expected_arrivals.xml passed validation checks
2025-10-25 17:49:53,740 - vessel_data_pipeline - INFO - Created backup: Expected_arrivals_20251025_174953.xml
2025-10-25 17:49:53,743 - vessel_data_pipeline - INFO - Updated metadata for Expected_arrivals.xml
2025-10-25 17:49:53,743 - vessel_data_pipeline - INFO - Successfully downloaded and validated Expected_arrivals.xml
2025-10-25 17:49:55,746 - vessel_data_pipeline - INFO - Downloading Expected_departures.xml (attempt 1/3)
2025-10-25 17:49:56,041 - vessel_data_pipeline - INFO - File temp_Expected_departures.xml passed validation checks
2025-10-25 17:49:56,046 - vessel_data_pipeline - INFO - Created backup: Expected_departures_20251025_174956.xml
2025-10-25 17:49:56,051 - vessel_data_pipeline - INFO - Updated metadata for Expected_departures.xml
2025-10-25 17:49:56,052 - vessel_data_pipeline - INFO - Successfully downloaded and validated Expected_departures.xml
2025-10-25 17:49:58,056 - vessel_data_pipeline - INFO - Fetch operation completed. Results: {'Arrived_in_last_36_hours.xml': True, 'Departed_in_last_36_hours.xml': True, 'Expected_arrivals.xml': True, 'Expected_departures.xml': True}
2025-10-25 18:59:06,833 - vessel_data_pipeline - INFO - VesselDataFetcher initialized. Pipeline enabled: True
2025-10-25 18:59:06,834 - vessel_data_pipeline - INFO - Starting vessel data fetch operation
2025-10-25 18:59:06,834 - vessel_data_pipeline - INFO - Discovering XML files from Hong Kong Marine Department portal
2025-10-25 18:59:08,019 - vessel_data_pipeline - INFO - Verified access to Arrived_in_last_36_hours.xml
2025-10-25 18:59:10,318 - vessel_data_pipeline - INFO - Verified access to Departed_in_last_36_hours.xml
2025-10-25 18:59:11,429 - vessel_data_pipeline - INFO - Verified access to Expected_arrivals.xml
2025-10-25 18:59:12,276 - vessel_data_pipeline - INFO - Verified access to Expected_departures.xml
2025-10-25 18:59:12,276 - vessel_data_pipeline - INFO - Discovered 4 XML files for download
2025-10-25 18:59:12,276 - vessel_data_pipeline - INFO - Downloading Arrived_in_last_36_hours.xml (attempt 1/3)
2025-10-25 18:59:12,571 - vessel_data_pipeline - INFO - File temp_Arrived_in_last_36_hours.xml passed validation checks
2025-10-25 18:59:12,572 - vessel_data_pipeline - INFO - Created backup: Arrived_in_last_36_hours_20251025_185912.xml
2025-10-25 18:59:12,573 - vessel_data_pipeline - INFO - Updated metadata for Arrived_in_last_36_hours.xml
2025-10-25 18:59:12,573 - vessel_data_pipeline - INFO - Successfully downloaded and validated Arrived_in_last_36_hours.xml
2025-10-25 18:59:14,576 - vessel_data_pipeline - INFO - Downloading Departed_in_last_36_hours.xml (attempt 1/3)
2025-10-25 18:59:15,427 - vessel_data_pipeline - INFO - File temp_Departed_in_last_36_hours.xml passed validation checks
2025-10-25 18:59:15,428 - vessel_data_pipeline - INFO - Created backup: Departed_in_last_36_hours_20251025_185915.xml
2025-10-25 18:59:15,428 - vessel_data_pipeline - INFO - Updated metadata for Departed_in_last_36_hours.xml
2025-10-25 18:59:15,428 - vessel_data_pipeline - INFO - Successfully downloaded and validated Departed_in_last_36_hours.xml
2025-10-25 18:59:17,429 - vessel_data_pipeline - INFO - Downloading Expected_arrivals.xml (attempt 1/3)
2025-10-25 18:59:17,999 - vessel_data_pipeline - INFO - File temp_Expected_arrivals.xml passed validation checks
2025-10-25 18:59:18,000 - vessel_data_pipeline - INFO - Created backup: Expected_arrivals_20251025_185917.xml
2025-10-25 18:59:18,000 - vessel_data_pipeline - INFO - Updated metadata for Expected_arrivals.xml
2025-10-25 18:59:18,000 - vessel_data_pipeline - INFO - Successfully downloaded and validated Expected_arrivals.xml
2025-10-25 18:59:20,005 - vessel_data_pipeline - INFO - Downloading Expected_departures.xml (attempt 1/3)
2025-10-25 18:59:20,284 - vessel_data_pipeline - INFO - File temp_Expected_departures.xml passed validation checks
2025-10-25 18:59:20,285 - vessel_data_pipeline - INFO - Created backup: Expected_departures_20251025_185920.xml
2025-10-25 18:59:20,285 - vessel_data_pipeline - INFO - Updated metadata for Expected_departures.xml
2025-10-25 18:59:20,285 - vessel_data_pipeline - INFO - Successfully downloaded and validated Expected_departures.xml
2025-10-25 18:59:22,290 - vessel_data_pipeline - INFO - Fetch operation completed. Results: {'Arrived_in_last_36_hours.xml': True, 'Departed_in_last_36_hours.xml': True, 'Expected_arrivals.xml': True, 'Expected_departures.xml': True}
