2025-10-28 22:46:59,301 - vessel_data_pipeline - INFO - VesselDataFetcher initialized. Pipeline enabled: True
2025-10-28 22:46:59,302 - vessel_data_pipeline - INFO - Starting vessel data fetch operation
2025-10-28 22:46:59,302 - vessel_data_pipeline - INFO - Discovering XML files from Hong Kong Marine Department portal
2025-10-28 22:46:59,405 - vessel_data_pipeline - INFO - Verified access to Arrived_in_last_36_hours.xml
2025-10-28 22:46:59,467 - vessel_data_pipeline - INFO - Verified access to Departed_in_last_36_hours.xml
2025-10-28 22:46:59,498 - vessel_data_pipeline - INFO - Verified access to Expected_arrivals.xml
2025-10-28 22:46:59,576 - vessel_data_pipeline - INFO - Verified access to Expected_departures.xml
2025-10-28 22:46:59,576 - vessel_data_pipeline - INFO - Discovered 4 XML files for download
2025-10-28 22:46:59,576 - vessel_data_pipeline - INFO - Downloading Arrived_in_last_36_hours.xml (attempt 1/3)
2025-10-28 22:46:59,637 - vessel_data_pipeline - INFO - File temp_Arrived_in_last_36_hours.xml passed validation checks
2025-10-28 22:46:59,637 - vessel_data_pipeline - INFO - Created backup: Arrived_in_last_36_hours_20251028_224659.xml
2025-10-28 22:46:59,638 - vessel_data_pipeline - INFO - Updated metadata for Arrived_in_last_36_hours.xml
2025-10-28 22:46:59,638 - vessel_data_pipeline - INFO - Successfully downloaded and validated Arrived_in_last_36_hours.xml
2025-10-28 22:47:01,642 - vessel_data_pipeline - INFO - Downloading Departed_in_last_36_hours.xml (attempt 1/3)
2025-10-28 22:47:01,709 - vessel_data_pipeline - INFO - File temp_Departed_in_last_36_hours.xml passed validation checks
2025-10-28 22:47:01,710 - vessel_data_pipeline - INFO - Created backup: Departed_in_last_36_hours_20251028_224701.xml
2025-10-28 22:47:01,711 - vessel_data_pipeline - INFO - Updated metadata for Departed_in_last_36_hours.xml
2025-10-28 22:47:01,711 - vessel_data_pipeline - INFO - Successfully downloaded and validated Departed_in_last_36_hours.xml
2025-10-28 22:47:03,714 - vessel_data_pipeline - INFO - Downloading Expected_arrivals.xml (attempt 1/3)
2025-10-28 22:47:03,763 - vessel_data_pipeline - INFO - File temp_Expected_arrivals.xml passed validation checks
2025-10-28 22:47:03,764 - vessel_data_pipeline - INFO - Created backup: Expected_arrivals_20251028_224703.xml
2025-10-28 22:47:03,764 - vessel_data_pipeline - INFO - Updated metadata for Expected_arrivals.xml
2025-10-28 22:47:03,764 - vessel_data_pipeline - INFO - Successfully downloaded and validated Expected_arrivals.xml
2025-10-28 22:47:05,768 - vessel_data_pipeline - INFO - Downloading Expected_departures.xml (attempt 1/3)
2025-10-28 22:47:05,831 - vessel_data_pipeline - INFO - File temp_Expected_departures.xml passed validation checks
2025-10-28 22:47:05,832 - vessel_data_pipeline - INFO - Created backup: Expected_departures_20251028_224705.xml
2025-10-28 22:47:05,832 - vessel_data_pipeline - INFO - Updated metadata for Expected_departures.xml
2025-10-28 22:47:05,832 - vessel_data_pipeline - INFO - Successfully downloaded and validated Expected_departures.xml
2025-10-28 22:47:07,837 - vessel_data_pipeline - INFO - Fetch operation completed. Results: {'Arrived_in_last_36_hours.xml': True, 'Departed_in_last_36_hours.xml': True, 'Expected_arrivals.xml': True, 'Expected_departures.xml': True}
2025-10-28 22:47:07,864 - vessel_data_pipeline - INFO - VesselDataFetcher initialized. Pipeline enabled: True
2025-10-28 22:47:07,886 - vessel_data_pipeline - INFO - Starting vessel data fetch operation
2025-10-28 22:47:07,886 - vessel_data_pipeline - INFO - Discovering XML files from Hong Kong Marine Department portal
2025-10-28 22:47:08,028 - vessel_data_pipeline - INFO - Verified access to Arrived_in_last_36_hours.xml
2025-10-28 22:47:08,063 - vessel_data_pipeline - INFO - Verified access to Departed_in_last_36_hours.xml
2025-10-28 22:47:08,112 - vessel_data_pipeline - INFO - Verified access to Expected_arrivals.xml
2025-10-28 22:47:08,190 - vessel_data_pipeline - INFO - Verified access to Expected_departures.xml
2025-10-28 22:47:08,191 - vessel_data_pipeline - INFO - Discovered 4 XML files for download
2025-10-28 22:47:08,191 - vessel_data_pipeline - INFO - Downloading Arrived_in_last_36_hours.xml (attempt 1/3)
2025-10-28 22:47:08,253 - vessel_data_pipeline - INFO - File temp_Arrived_in_last_36_hours.xml passed validation checks
2025-10-28 22:47:08,254 - vessel_data_pipeline - INFO - Created backup: Arrived_in_last_36_hours_20251028_224708.xml
2025-10-28 22:47:08,254 - vessel_data_pipeline - INFO - Updated metadata for Arrived_in_last_36_hours.xml
2025-10-28 22:47:08,254 - vessel_data_pipeline - INFO - Successfully downloaded and validated Arrived_in_last_36_hours.xml
2025-10-28 22:47:10,259 - vessel_data_pipeline - INFO - Downloading Departed_in_last_36_hours.xml (attempt 1/3)
2025-10-28 22:47:10,737 - vessel_data_pipeline - INFO - File temp_Departed_in_last_36_hours.xml passed validation checks
2025-10-28 22:47:10,738 - vessel_data_pipeline - INFO - Created backup: Departed_in_last_36_hours_20251028_224710.xml
2025-10-28 22:47:10,738 - vessel_data_pipeline - INFO - Updated metadata for Departed_in_last_36_hours.xml
2025-10-28 22:47:10,738 - vessel_data_pipeline - INFO - Successfully downloaded and validated Departed_in_last_36_hours.xml
2025-10-28 22:47:12,739 - vessel_data_pipeline - INFO - Downloading Expected_arrivals.xml (attempt 1/3)
2025-10-28 22:47:12,809 - vessel_data_pipeline - INFO - File temp_Expected_arrivals.xml passed validation checks
2025-10-28 22:47:12,809 - vessel_data_pipeline - INFO - Created backup: Expected_arrivals_20251028_224712.xml
2025-10-28 22:47:12,809 - vessel_data_pipeline - INFO - Updated metadata for Expected_arrivals.xml
2025-10-28 22:47:12,809 - vessel_data_pipeline - INFO - Successfully downloaded and validated Expected_arrivals.xml
2025-10-28 22:47:14,810 - vessel_data_pipeline - INFO - Downloading Expected_departures.xml (attempt 1/3)
2025-10-28 22:47:14,894 - vessel_data_pipeline - INFO - File temp_Expected_departures.xml passed validation checks
2025-10-28 22:47:14,894 - vessel_data_pipeline - INFO - Created backup: Expected_departures_20251028_224714.xml
2025-10-28 22:47:14,895 - vessel_data_pipeline - INFO - Updated metadata for Expected_departures.xml
2025-10-28 22:47:14,895 - vessel_data_pipeline - INFO - Successfully downloaded and validated Expected_departures.xml
2025-10-28 22:47:16,900 - vessel_data_pipeline - INFO - Fetch operation completed. Results: {'Arrived_in_last_36_hours.xml': True, 'Departed_in_last_36_hours.xml': True, 'Expected_arrivals.xml': True, 'Expected_departures.xml': True}
2025-10-28 22:47:22,146 - vessel_data_pipeline - INFO - VesselDataFetcher initialized. Pipeline enabled: True
2025-10-28 22:47:22,147 - vessel_data_pipeline - INFO - Starting vessel data fetch operation
2025-10-28 22:47:22,147 - vessel_data_pipeline - INFO - Discovering XML files from Hong Kong Marine Department portal
2025-10-28 22:47:22,265 - vessel_data_pipeline - INFO - Verified access to Arrived_in_last_36_hours.xml
2025-10-28 22:47:22,302 - vessel_data_pipeline - INFO - Verified access to Departed_in_last_36_hours.xml
2025-10-28 22:47:22,341 - vessel_data_pipeline - INFO - Verified access to Expected_arrivals.xml
2025-10-28 22:47:22,388 - vessel_data_pipeline - INFO - Verified access to Expected_departures.xml
2025-10-28 22:47:22,390 - vessel_data_pipeline - INFO - Discovered 4 XML files for download
2025-10-28 22:47:22,393 - vessel_data_pipeline - INFO - Downloading Arrived_in_last_36_hours.xml (attempt 1/3)
2025-10-28 22:47:22,454 - vessel_data_pipeline - INFO - File temp_Arrived_in_last_36_hours.xml passed validation checks
2025-10-28 22:47:22,465 - vessel_data_pipeline - INFO - Created backup: Arrived_in_last_36_hours_20251028_224722.xml
2025-10-28 22:47:22,475 - vessel_data_pipeline - INFO - Updated metadata for Arrived_in_last_36_hours.xml
2025-10-28 22:47:22,475 - vessel_data_pipeline - INFO - Successfully downloaded and validated Arrived_in_last_36_hours.xml
2025-10-28 22:47:24,479 - vessel_data_pipeline - INFO - Downloading Departed_in_last_36_hours.xml (attempt 1/3)
2025-10-28 22:47:24,569 - vessel_data_pipeline - INFO - File temp_Departed_in_last_36_hours.xml passed validation checks
2025-10-28 22:47:24,588 - vessel_data_pipeline - INFO - Created backup: Departed_in_last_36_hours_20251028_224724.xml
2025-10-28 22:47:24,597 - vessel_data_pipeline - INFO - Updated metadata for Departed_in_last_36_hours.xml
2025-10-28 22:47:24,597 - vessel_data_pipeline - INFO - Successfully downloaded and validated Departed_in_last_36_hours.xml
2025-10-28 22:47:26,598 - vessel_data_pipeline - INFO - Downloading Expected_arrivals.xml (attempt 1/3)
2025-10-28 22:47:26,694 - vessel_data_pipeline - INFO - File temp_Expected_arrivals.xml passed validation checks
2025-10-28 22:47:26,704 - vessel_data_pipeline - INFO - Created backup: Expected_arrivals_20251028_224726.xml
2025-10-28 22:47:26,708 - vessel_data_pipeline - INFO - Updated metadata for Expected_arrivals.xml
2025-10-28 22:47:26,709 - vessel_data_pipeline - INFO - Successfully downloaded and validated Expected_arrivals.xml
2025-10-28 22:47:28,713 - vessel_data_pipeline - INFO - Downloading Expected_departures.xml (attempt 1/3)
2025-10-28 22:47:28,800 - vessel_data_pipeline - INFO - File temp_Expected_departures.xml passed validation checks
2025-10-28 22:47:28,810 - vessel_data_pipeline - INFO - Created backup: Expected_departures_20251028_224728.xml
2025-10-28 22:47:28,816 - vessel_data_pipeline - INFO - Updated metadata for Expected_departures.xml
2025-10-28 22:47:28,818 - vessel_data_pipeline - INFO - Successfully downloaded and validated Expected_departures.xml
2025-10-28 22:47:30,824 - vessel_data_pipeline - INFO - Fetch operation completed. Results: {'Arrived_in_last_36_hours.xml': True, 'Departed_in_last_36_hours.xml': True, 'Expected_arrivals.xml': True, 'Expected_departures.xml': True}
2025-10-28 22:54:06,252 - vessel_data_pipeline - INFO - VesselDataFetcher initialized. Pipeline enabled: True
2025-10-28 22:54:06,253 - vessel_data_pipeline - INFO - Starting vessel data fetch operation
2025-10-28 22:54:06,253 - vessel_data_pipeline - INFO - Discovering XML files from Hong Kong Marine Department portal
2025-10-28 22:54:06,308 - vessel_data_pipeline - INFO - Verified access to Arrived_in_last_36_hours.xml
2025-10-28 22:54:06,345 - vessel_data_pipeline - INFO - Verified access to Departed_in_last_36_hours.xml
2025-10-28 22:54:06,405 - vessel_data_pipeline - INFO - Verified access to Expected_arrivals.xml
2025-10-28 22:54:06,438 - vessel_data_pipeline - INFO - Verified access to Expected_departures.xml
2025-10-28 22:54:06,438 - vessel_data_pipeline - INFO - Discovered 4 XML files for download
2025-10-28 22:54:06,438 - vessel_data_pipeline - INFO - Downloading Arrived_in_last_36_hours.xml (attempt 1/3)
2025-10-28 22:54:06,590 - vessel_data_pipeline - INFO - File temp_Arrived_in_last_36_hours.xml passed validation checks
2025-10-28 22:54:06,591 - vessel_data_pipeline - INFO - Created backup: Arrived_in_last_36_hours_20251028_225406.xml
2025-10-28 22:54:06,592 - vessel_data_pipeline - INFO - Updated metadata for Arrived_in_last_36_hours.xml
2025-10-28 22:54:06,592 - vessel_data_pipeline - INFO - Successfully downloaded and validated Arrived_in_last_36_hours.xml
2025-10-28 22:54:08,592 - vessel_data_pipeline - INFO - Downloading Departed_in_last_36_hours.xml (attempt 1/3)
2025-10-28 22:54:08,668 - vessel_data_pipeline - INFO - File temp_Departed_in_last_36_hours.xml passed validation checks
2025-10-28 22:54:08,669 - vessel_data_pipeline - INFO - Created backup: Departed_in_last_36_hours_20251028_225408.xml
2025-10-28 22:54:08,669 - vessel_data_pipeline - INFO - Updated metadata for Departed_in_last_36_hours.xml
2025-10-28 22:54:08,669 - vessel_data_pipeline - INFO - Successfully downloaded and validated Departed_in_last_36_hours.xml
2025-10-28 22:54:10,669 - vessel_data_pipeline - INFO - Downloading Expected_arrivals.xml (attempt 1/3)
2025-10-28 22:54:10,763 - vessel_data_pipeline - INFO - File temp_Expected_arrivals.xml passed validation checks
2025-10-28 22:54:10,763 - vessel_data_pipeline - INFO - Created backup: Expected_arrivals_20251028_225410.xml
2025-10-28 22:54:10,763 - vessel_data_pipeline - INFO - Updated metadata for Expected_arrivals.xml
2025-10-28 22:54:10,763 - vessel_data_pipeline - INFO - Successfully downloaded and validated Expected_arrivals.xml
2025-10-28 22:54:12,764 - vessel_data_pipeline - INFO - Downloading Expected_departures.xml (attempt 1/3)
2025-10-28 22:54:12,815 - vessel_data_pipeline - INFO - File temp_Expected_departures.xml passed validation checks
2025-10-28 22:54:12,815 - vessel_data_pipeline - INFO - Created backup: Expected_departures_20251028_225412.xml
2025-10-28 22:54:12,815 - vessel_data_pipeline - INFO - Updated metadata for Expected_departures.xml
2025-10-28 22:54:12,816 - vessel_data_pipeline - INFO - Successfully downloaded and validated Expected_departures.xml
2025-10-28 22:54:14,817 - vessel_data_pipeline - INFO - Fetch operation completed. Results: {'Arrived_in_last_36_hours.xml': True, 'Departed_in_last_36_hours.xml': True, 'Expected_arrivals.xml': True, 'Expected_departures.xml': True}
2025-10-28 22:56:28,598 - vessel_data_pipeline - INFO - VesselDataFetcher initialized. Pipeline enabled: True
2025-10-28 22:56:28,599 - vessel_data_pipeline - INFO - Starting vessel data fetch operation
2025-10-28 22:56:28,599 - vessel_data_pipeline - INFO - Discovering XML files from Hong Kong Marine Department portal
2025-10-28 22:56:28,668 - vessel_data_pipeline - INFO - Verified access to Arrived_in_last_36_hours.xml
2025-10-28 22:56:28,732 - vessel_data_pipeline - INFO - Verified access to Departed_in_last_36_hours.xml
2025-10-28 22:56:28,763 - vessel_data_pipeline - INFO - Verified access to Expected_arrivals.xml
2025-10-28 22:56:28,805 - vessel_data_pipeline - INFO - Verified access to Expected_departures.xml
2025-10-28 22:56:28,805 - vessel_data_pipeline - INFO - Discovered 4 XML files for download
2025-10-28 22:56:28,805 - vessel_data_pipeline - INFO - Downloading Arrived_in_last_36_hours.xml (attempt 1/3)
2025-10-28 22:56:28,916 - vessel_data_pipeline - INFO - File temp_Arrived_in_last_36_hours.xml passed validation checks
2025-10-28 22:56:28,917 - vessel_data_pipeline - INFO - Created backup: Arrived_in_last_36_hours_20251028_225628.xml
2025-10-28 22:56:28,918 - vessel_data_pipeline - INFO - Updated metadata for Arrived_in_last_36_hours.xml
2025-10-28 22:56:28,918 - vessel_data_pipeline - INFO - Successfully downloaded and validated Arrived_in_last_36_hours.xml
2025-10-28 22:56:30,922 - vessel_data_pipeline - INFO - Downloading Departed_in_last_36_hours.xml (attempt 1/3)
2025-10-28 22:56:30,981 - vessel_data_pipeline - INFO - File temp_Departed_in_last_36_hours.xml passed validation checks
2025-10-28 22:56:30,982 - vessel_data_pipeline - INFO - Created backup: Departed_in_last_36_hours_20251028_225630.xml
2025-10-28 22:56:30,982 - vessel_data_pipeline - INFO - Updated metadata for Departed_in_last_36_hours.xml
2025-10-28 22:56:30,982 - vessel_data_pipeline - INFO - Successfully downloaded and validated Departed_in_last_36_hours.xml
2025-10-28 22:56:32,984 - vessel_data_pipeline - INFO - Downloading Expected_arrivals.xml (attempt 1/3)
2025-10-28 22:56:33,038 - vessel_data_pipeline - INFO - File temp_Expected_arrivals.xml passed validation checks
2025-10-28 22:56:33,047 - vessel_data_pipeline - INFO - Created backup: Expected_arrivals_20251028_225633.xml
2025-10-28 22:56:33,053 - vessel_data_pipeline - INFO - Updated metadata for Expected_arrivals.xml
2025-10-28 22:56:33,053 - vessel_data_pipeline - INFO - Successfully downloaded and validated Expected_arrivals.xml
2025-10-28 22:56:35,058 - vessel_data_pipeline - INFO - Downloading Expected_departures.xml (attempt 1/3)
2025-10-28 22:56:35,099 - vessel_data_pipeline - INFO - File temp_Expected_departures.xml passed validation checks
2025-10-28 22:56:35,100 - vessel_data_pipeline - INFO - Created backup: Expected_departures_20251028_225635.xml
2025-10-28 22:56:35,100 - vessel_data_pipeline - INFO - Updated metadata for Expected_departures.xml
2025-10-28 22:56:35,100 - vessel_data_pipeline - INFO - Successfully downloaded and validated Expected_departures.xml
2025-10-28 22:56:37,105 - vessel_data_pipeline - INFO - Fetch operation completed. Results: {'Arrived_in_last_36_hours.xml': True, 'Departed_in_last_36_hours.xml': True, 'Expected_arrivals.xml': True, 'Expected_departures.xml': True}
2025-10-28 23:02:19,478 - vessel_data_pipeline - INFO - VesselDataFetcher initialized. Pipeline enabled: True
2025-10-28 23:02:19,482 - vessel_data_pipeline - INFO - Starting vessel data fetch operation
2025-10-28 23:02:19,485 - vessel_data_pipeline - INFO - Discovering XML files from Hong Kong Marine Department portal
2025-10-28 23:02:19,584 - vessel_data_pipeline - INFO - Verified access to Arrived_in_last_36_hours.xml
2025-10-28 23:02:19,671 - vessel_data_pipeline - INFO - Verified access to Departed_in_last_36_hours.xml
2025-10-28 23:02:19,725 - vessel_data_pipeline - INFO - Verified access to Expected_arrivals.xml
2025-10-28 23:02:19,767 - vessel_data_pipeline - INFO - Verified access to Expected_departures.xml
2025-10-28 23:02:19,768 - vessel_data_pipeline - INFO - Discovered 4 XML files for download
2025-10-28 23:02:19,768 - vessel_data_pipeline - INFO - Downloading Arrived_in_last_36_hours.xml (attempt 1/3)
2025-10-28 23:02:19,862 - vessel_data_pipeline - INFO - File temp_Arrived_in_last_36_hours.xml passed validation checks
2025-10-28 23:02:19,863 - vessel_data_pipeline - INFO - Created backup: Arrived_in_last_36_hours_20251028_230219.xml
2025-10-28 23:02:19,863 - vessel_data_pipeline - INFO - Updated metadata for Arrived_in_last_36_hours.xml
2025-10-28 23:02:19,864 - vessel_data_pipeline - INFO - Successfully downloaded and validated Arrived_in_last_36_hours.xml
2025-10-28 23:02:21,869 - vessel_data_pipeline - INFO - Downloading Departed_in_last_36_hours.xml (attempt 1/3)
2025-10-28 23:02:22,165 - vessel_data_pipeline - INFO - File temp_Departed_in_last_36_hours.xml passed validation checks
2025-10-28 23:02:22,166 - vessel_data_pipeline - INFO - Created backup: Departed_in_last_36_hours_20251028_230222.xml
2025-10-28 23:02:22,166 - vessel_data_pipeline - INFO - Updated metadata for Departed_in_last_36_hours.xml
2025-10-28 23:02:22,166 - vessel_data_pipeline - INFO - Successfully downloaded and validated Departed_in_last_36_hours.xml
2025-10-28 23:02:24,168 - vessel_data_pipeline - INFO - Downloading Expected_arrivals.xml (attempt 1/3)
2025-10-28 23:02:24,221 - vessel_data_pipeline - INFO - File temp_Expected_arrivals.xml passed validation checks
2025-10-28 23:02:24,222 - vessel_data_pipeline - INFO - Created backup: Expected_arrivals_20251028_230224.xml
2025-10-28 23:02:24,222 - vessel_data_pipeline - INFO - Updated metadata for Expected_arrivals.xml
2025-10-28 23:02:24,222 - vessel_data_pipeline - INFO - Successfully downloaded and validated Expected_arrivals.xml
2025-10-28 23:02:26,227 - vessel_data_pipeline - INFO - Downloading Expected_departures.xml (attempt 1/3)
2025-10-28 23:02:26,273 - vessel_data_pipeline - INFO - File temp_Expected_departures.xml passed validation checks
2025-10-28 23:02:26,273 - vessel_data_pipeline - INFO - Created backup: Expected_departures_20251028_230226.xml
2025-10-28 23:02:26,273 - vessel_data_pipeline - INFO - Updated metadata for Expected_departures.xml
2025-10-28 23:02:26,273 - vessel_data_pipeline - INFO - Successfully downloaded and validated Expected_departures.xml
2025-10-28 23:02:28,278 - vessel_data_pipeline - INFO - Fetch operation completed. Results: {'Arrived_in_last_36_hours.xml': True, 'Departed_in_last_36_hours.xml': True, 'Expected_arrivals.xml': True, 'Expected_departures.xml': True}
2025-10-29 09:18:37,100 - vessel_data_pipeline - INFO - VesselDataFetcher initialized. Pipeline enabled: True
2025-10-29 09:18:37,101 - vessel_data_pipeline - INFO - Starting vessel data fetch operation
2025-10-29 09:18:37,101 - vessel_data_pipeline - INFO - Discovering XML files from Hong Kong Marine Department portal
2025-10-29 09:18:37,171 - vessel_data_pipeline - INFO - Verified access to Arrived_in_last_36_hours.xml
2025-10-29 09:18:37,203 - vessel_data_pipeline - INFO - Verified access to Departed_in_last_36_hours.xml
2025-10-29 09:18:37,262 - vessel_data_pipeline - INFO - Verified access to Expected_arrivals.xml
2025-10-29 09:18:37,296 - vessel_data_pipeline - INFO - Verified access to Expected_departures.xml
2025-10-29 09:18:37,296 - vessel_data_pipeline - INFO - Discovered 4 XML files for download
2025-10-29 09:18:37,296 - vessel_data_pipeline - INFO - Downloading Arrived_in_last_36_hours.xml (attempt 1/3)
2025-10-29 09:18:37,333 - vessel_data_pipeline - INFO - File temp_Arrived_in_last_36_hours.xml passed validation checks
2025-10-29 09:18:37,333 - vessel_data_pipeline - INFO - Created backup: Arrived_in_last_36_hours_20251029_091837.xml
2025-10-29 09:18:37,334 - vessel_data_pipeline - INFO - Updated metadata for Arrived_in_last_36_hours.xml
2025-10-29 09:18:37,334 - vessel_data_pipeline - INFO - Successfully downloaded and validated Arrived_in_last_36_hours.xml
2025-10-29 09:18:39,338 - vessel_data_pipeline - INFO - Downloading Departed_in_last_36_hours.xml (attempt 1/3)
2025-10-29 09:18:39,390 - vessel_data_pipeline - INFO - File temp_Departed_in_last_36_hours.xml passed validation checks
2025-10-29 09:18:39,391 - vessel_data_pipeline - INFO - Created backup: Departed_in_last_36_hours_20251029_091839.xml
2025-10-29 09:18:39,391 - vessel_data_pipeline - INFO - Updated metadata for Departed_in_last_36_hours.xml
2025-10-29 09:18:39,391 - vessel_data_pipeline - INFO - Successfully downloaded and validated Departed_in_last_36_hours.xml
2025-10-29 09:18:41,392 - vessel_data_pipeline - INFO - Downloading Expected_arrivals.xml (attempt 1/3)
2025-10-29 09:18:41,442 - vessel_data_pipeline - INFO - File temp_Expected_arrivals.xml passed validation checks
2025-10-29 09:18:41,443 - vessel_data_pipeline - INFO - Created backup: Expected_arrivals_20251029_091841.xml
2025-10-29 09:18:41,443 - vessel_data_pipeline - INFO - Updated metadata for Expected_arrivals.xml
2025-10-29 09:18:41,443 - vessel_data_pipeline - INFO - Successfully downloaded and validated Expected_arrivals.xml
2025-10-29 09:18:43,445 - vessel_data_pipeline - INFO - Downloading Expected_departures.xml (attempt 1/3)
2025-10-29 09:18:43,499 - vessel_data_pipeline - INFO - File temp_Expected_departures.xml passed validation checks
2025-10-29 09:18:43,500 - vessel_data_pipeline - INFO - Created backup: Expected_departures_20251029_091843.xml
2025-10-29 09:18:43,500 - vessel_data_pipeline - INFO - Updated metadata for Expected_departures.xml
2025-10-29 09:18:43,500 - vessel_data_pipeline - INFO - Successfully downloaded and validated Expected_departures.xml
2025-10-29 09:18:45,506 - vessel_data_pipeline - INFO - Fetch operation completed. Results: {'Arrived_in_last_36_hours.xml': True, 'Departed_in_last_36_hours.xml': True, 'Expected_arrivals.xml': True, 'Expected_departures.xml': True}
2025-10-29 09:23:59,719 - vessel_data_pipeline - INFO - VesselDataFetcher initialized. Pipeline enabled: True
2025-10-29 09:23:59,723 - vessel_data_pipeline - INFO - Starting vessel data fetch operation
2025-10-29 09:23:59,725 - vessel_data_pipeline - INFO - Discovering XML files from Hong Kong Marine Department portal
2025-10-29 09:24:00,040 - vessel_data_pipeline - INFO - Verified access to Arrived_in_last_36_hours.xml
2025-10-29 09:24:00,430 - vessel_data_pipeline - INFO - Verified access to Departed_in_last_36_hours.xml
2025-10-29 09:24:00,699 - vessel_data_pipeline - INFO - Verified access to Expected_arrivals.xml
2025-10-29 09:24:00,915 - vessel_data_pipeline - INFO - Verified access to Expected_departures.xml
2025-10-29 09:24:00,915 - vessel_data_pipeline - INFO - Discovered 4 XML files for download
2025-10-29 09:24:00,915 - vessel_data_pipeline - INFO - Downloading Arrived_in_last_36_hours.xml (attempt 1/3)
2025-10-29 09:24:00,993 - vessel_data_pipeline - INFO - File temp_Arrived_in_last_36_hours.xml passed validation checks
2025-10-29 09:24:00,994 - vessel_data_pipeline - INFO - Created backup: Arrived_in_last_36_hours_20251029_092400.xml
2025-10-29 09:24:00,995 - vessel_data_pipeline - INFO - Updated metadata for Arrived_in_last_36_hours.xml
2025-10-29 09:24:00,995 - vessel_data_pipeline - INFO - Successfully downloaded and validated Arrived_in_last_36_hours.xml
2025-10-29 09:24:03,000 - vessel_data_pipeline - INFO - Downloading Departed_in_last_36_hours.xml (attempt 1/3)
2025-10-29 09:24:03,056 - vessel_data_pipeline - INFO - File temp_Departed_in_last_36_hours.xml passed validation checks
2025-10-29 09:24:03,057 - vessel_data_pipeline - INFO - Created backup: Departed_in_last_36_hours_20251029_092403.xml
2025-10-29 09:24:03,057 - vessel_data_pipeline - INFO - Updated metadata for Departed_in_last_36_hours.xml
2025-10-29 09:24:03,057 - vessel_data_pipeline - INFO - Successfully downloaded and validated Departed_in_last_36_hours.xml
2025-10-29 09:24:05,059 - vessel_data_pipeline - INFO - Downloading Expected_arrivals.xml (attempt 1/3)
2025-10-29 09:24:05,098 - vessel_data_pipeline - INFO - File temp_Expected_arrivals.xml passed validation checks
2025-10-29 09:24:05,098 - vessel_data_pipeline - INFO - Created backup: Expected_arrivals_20251029_092405.xml
2025-10-29 09:24:05,099 - vessel_data_pipeline - INFO - Updated metadata for Expected_arrivals.xml
2025-10-29 09:24:05,099 - vessel_data_pipeline - INFO - Successfully downloaded and validated Expected_arrivals.xml
2025-10-29 09:24:07,100 - vessel_data_pipeline - INFO - Downloading Expected_departures.xml (attempt 1/3)
2025-10-29 09:24:07,165 - vessel_data_pipeline - INFO - File temp_Expected_departures.xml passed validation checks
2025-10-29 09:24:07,165 - vessel_data_pipeline - INFO - Created backup: Expected_departures_20251029_092407.xml
2025-10-29 09:24:07,166 - vessel_data_pipeline - INFO - Updated metadata for Expected_departures.xml
2025-10-29 09:24:07,166 - vessel_data_pipeline - INFO - Successfully downloaded and validated Expected_departures.xml
2025-10-29 09:24:09,167 - vessel_data_pipeline - INFO - Fetch operation completed. Results: {'Arrived_in_last_36_hours.xml': True, 'Departed_in_last_36_hours.xml': True, 'Expected_arrivals.xml': True, 'Expected_departures.xml': True}
